{
  "_id"=>BSON::ObjectId('531494341ffd9e08c5000001'), 
  "name"=>"Through Hole Resistors", 
  "query_date"=>"2013/04/21", 
  "rows"=> # many rows
  [
    {
      "manufacturer_part_no"=>"CBT50J1R0", 
      "supplier_part_no"=>"1265098", 
      "brand_name"=>" TE CONNECTIVITY / NEOHM ", 
      "description"=>"RESISTOR, CARBON COMP, 1/2W 1R0", 
      "weblink"=>"http://uk.farnell.com/te-connectivity-neohm/cbt50j1r0/resistor-carbon-comp-1-2w-1r0/dp/1265098", 
      "properties"=> # only one set of properties per row
      {
        "Product Range"=>"TE CONNECTIVITY / NEOHM - CBT Series Carbon Composition Resistor", 
        "Resistance"=>"1ohm", 
        "Resistance Tolerance"=>"± 5%", 
        "Power Rating"=>"500mW", 
        "Temperature Coefficient"=>"-600ppm/°C to +200ppm/°C", 
        "Resistor Element Type"=>"Carbon Composition", 
        "Voltage Rating"=>"350V", 
        "Resistor Case Style"=>"Axial Leaded", 
        "Resistor Terminals"=>"–", 
        "Resistor Mounting"=>"–", 
        "MSL"=>"–", 
        "SVHC"=>"–"
      }, 
      "prices"=> # many prices
      [
        {"quantity"=>5, "pounds"=>0, "pence"=>54}, 
        {"quantity"=>25, "pounds"=>0, "pence"=>41}, 
        {"quantity"=>50, "pounds"=>0, "pence"=>33}, 
        {"quantity"=>100, "pounds"=>0, "pence"=>25}
      ]
    }, 
    # 24 more rows
  ]
}


{"manufacturer_part_no"=>"CBT25J1R0", "supplier_part_no"=>"1265053", "brand_name"=>" TE CONNECTIVITY / NEOHM ", "description"=>"RESISTOR, CARBON COMP, 1/4W 1R0", "weblink"=>"http://uk.farnell.com/te-connectivity-neohm/cbt25j1r0/resistor-carbon-comp-1-4w-1r0/dp/1265053", "properties"=>{"Product Range"=>"TE CONNECTIVITY / NEOHM - CBT Series Carbon Composition Resistor", "Resistance"=>"1ohm", "Resistance Tolerance"=>"± 5%", "Power Rating"=>"250mW", "Temperature Coefficient"=>"-700ppm/°C to +400ppm/°C", "Resistor Element Type"=>"Carbon Composition", "Voltage Rating"=>"250V", "Resistor Case Style"=>"Axial Leaded", "Resistor Terminals"=>"–", "Resistor Mounting"=>"–", "MSL"=>"– ", "SVHC"=>"–"}, "prices"=>[{"quantity"=>5, "pounds"=>0, "pence"=>109}, {"quantity"=>25, "pounds"=>0, "pence"=>106}, {"quantity"=>50, "pounds"=>0, "pence"=>102}, {"quantity"=>100, "pounds"=>0, "pence"=>95}]}, {"manufacturer_part_no"=>"CBT25J1R5", "supplier_part_no"=>"1265054", "brand_name"=>" TE CONNECTIVITY / NEOHM ", "description"=>"RESISTOR, CARBON COMP, 1/4W 1R5", "weblink"=>"http://uk.farnell.com/te-connectivity-neohm/cbt25j1r5/resistor-carbon-comp-1-4w-1r5/dp/1265054", "properties"=>{"Product Range"=>"TE CONNECTIVITY / NEOHM - CBT Series Carbon Composition Resistor", "Resistance"=>"1.5ohm", "Resistance Tolerance"=>"± 5%", "Power Rating"=>"250mW", "Temperature Coefficient"=>"-700ppm/°C to +400ppm/°C ", "Resistor Element Type"=>"Carbon Composition", "Voltage Rating"=>"250V", "Resistor Case Style"=>"Axial Leaded", "Resistor Terminals"=>"–", "Resistor Mounting"=>"–", "MSL"=>"–", "SVHC"=>"–"}, "prices"=>[{"quantity"=>5, "pounds"=>0, "pence"=>147}, {"quantity"=>25, "pounds"=>0, "pence"=>121}, {"quantity"=>50, "pounds"=>0, "pence"=>92}, {"quantity"=>100, "pounds"=>0, "pence"=>77}]}, {"manufacturer_part_no"=>"CBT50J1R5", "supplier_part_no"=>"1265099", "brand_name"=>" TE CONNECTIVITY / NEOHM ", "description"=>"RESISTOR, CARBON COMP, 1/2W 1R5", "weblink"=>"http://uk.farnell.com/te-connectivity-neohm/cbt50j1r5/resistor-carbon-comp-1-2w-1r5/dp/1265099", "properties"=>{"Product Range"=>"TE CONNECTIVITY / NEOHM - CBT Series Carbon Composition Resistor", "Resistance"=>"1.5ohm", "Resistance Tolerance"=>"± 5%", "Power Rating"=>"500mW", "Temperature Coefficient"=>"-600ppm/°C to +200ppm/°C", "Resistor Element Type"=>"Carbon Composition", "Voltage Rating"=>"350V", "Resistor Case Style"=>"Axial Leaded", "Resistor Terminals"=>"–", "Resistor Mounting"=>"–", "MSL"=>"–", "SVHC"=>"–"}, "prices"=>[{"quantity"=>5, "pounds"=>0, "pence"=>53}, {"quantity"=>25, "pounds"=>0, "pence"=>40}, {"quantity"=>50, "pounds"=>0, "pence"=>31}, {"quantity"=>100, "pounds"=>0, "pence"=>25}]}, {"manufacturer_part_no"=>"CBT50J2R2", "supplier_part_no"=>"1265100", "brand_name"=>" TE CONNECTIVITY / NEOHM ", "description"=>"RESISTOR, CARBON COMP, 1/2W 2R2", "weblink"=>"http://uk.farnell.com/te-connectivity-neohm/cbt50j2r2/resistor-carbon-comp-1-2w-2r2/dp/1265100", "properties"=>{"Product Range"=>"TE CONNECTIVITY / NEOHM - CBT Series Carbon Composition Resistor", "Resistance"=>"2.2ohm", "Resistance Tolerance"=>"± 5%", "Power Rating"=>"500mW", "Temperature Coefficient"=>"-600ppm/°C to +200ppm/°C", "Resistor Element Type"=>"Carbon Composition", "Voltage Rating"=>"350V", "Resistor Case Style"=>"Axial Leaded", "Resistor Terminals"=>"–", "Resistor Mounting"=>"–", "MSL"=>"–", "SVHC"=>"–"}, "prices"=>[{"quantity"=>5, "pounds"=>0, "pence"=>123}, {"quantity"=>25, "pounds"=>0, "pence"=>12}, {"quantity"=>50, "pounds"=>0, "pence"=>117}, {"quantity"=>100, "pounds"=>0, "pence"=>11}]}, {"manufacturer_part_no"=>"CBT25J2R2", "supplier_part_no"=>"1265055", "brand_name"=>" TE CONNECTIVITY / NEOHM ", "description"=>"RESISTOR, CARBON COMP, 1/4W 2R2", "weblink"=>"http://uk.farnell.com/te-connectivity-neohm/cbt25j2r2/resistor-carbon-comp-1-4w-2r2/dp/1265055", "properties"=>{"Product Range"=>"TE CONNECTIVITY / NEOHM - CBT Series Carbon Composition Resistor", "Resistance"=>"2.2ohm", "Resistance Tolerance"=>"± 5%", "Power Rating"=>"250mW", "Temperature Coefficient"=>"-700ppm/°C to +400ppm/°C", "Resistor Element Type"=>"Carbon Composition", "Voltage Rating"=>"250V", "Resistor Case Style"=>"Axial Leaded", "Resistor Terminals"=>"–", "Resistor Mounting"=>"–", "MSL"=>"–", "SVHC"=>"–"}, "prices"=>[{"quantity"=>5, "pounds"=>0, "pence"=>33}, {"quantity"=>25, "pounds"=>0, "pence"=>26}, {"quantity"=>50, "pounds"=>0, "pence"=>20}, {"quantity"=>100, "pounds"=>0, "pence"=>166}]}, {"manufacturer_part_no"=>"CBT25J3R3", "supplier_part_no"=>"1265056", "brand_name"=>" TE CONNECTIVITY / NEOHM ", "description"=>"RESISTOR, CARBON COMP, 1/4W 3R3", "weblink"=>"http://uk.farnell.com/te-connectivity-neohm/cbt25j3r3/resistor-carbon-comp-1-4w-3r3/dp/1265056", "properties"=>{"Product Range"=>"TE CONNECTIVITY / NEOHM - CBT Series Carbon Composition Resistor", "Resistance"=>"3.3ohm", "Resistance Tolerance"=>"± 5%", "Power Rating"=>"250mW", "Temperature Coefficient"=>"-700ppm/°C to +400ppm/°C", "Resistor Element Type"=>"Carbon Composition", "Voltage Rating"=>"250V", "Resistor Case Style"=>"Axial Leaded ", "Resistor Terminals"=>"–", "Resistor Mounting"=>"–", "MSL"=>"–", "SVHC"=>"–"}, "prices"=>[{"quantity"=>5, "pounds"=>0, "pence"=>124}, {"quantity"=>25, "pounds"=>0, "pence"=>106}, {"quantity"=>50, "pounds"=>0, "pence"=>82}, {"quantity"=>100, "pounds"=>0, "pence"=>71}]}, {"manufacturer_part_no"=>"CBT50J3R3", "supplier_part_no"=>"1265101", "brand_name"=>" TE CONNECTIVITY / NEOHM ", "description"=>"RESISTOR, CARBON COMP, 1/2W 3R3", "weblink"=>"http://uk.farnell.com/te-connectivity-neohm/cbt50j3r3/resistor-carbon-comp-1-2w-3r3/dp/1265101", "properties"=>{"Product Range"=>"TE CONNECTIVITY / NEOHM - CBT Series Carbon Composition Resistor", "Resistance"=>"3.3ohm", "Resistance Tolerance"=>"± 5%", "Power Rating"=>"500mW", "Temperature Coefficient"=>"-600ppm/°C to +200ppm/°C", "Resistor Element Type"=>"Carbon Composition", "Voltage Rating"=>"350V", "Resistor Case Style"=>"Axial Leaded", "Resistor Terminals"=>"–", "Resistor Mounting"=>"–", "MSL"=>"–", "SVHC"=>"–"}, "prices"=>[{"quantity"=>5, "pounds"=>0, "pence"=>177}, {"quantity"=>25, "pounds"=>0, "pence"=>136}, {"quantity"=>50, "pounds"=>0, "pence"=>117}, {"quantity"=>100, "pounds"=>0, "pence"=>93}]}, {"manufacturer_part_no"=>"CBT25J4R7", "supplier_part_no"=>"1265057", "brand_name"=>" TE CONNECTIVITY / NEOHM ", "description"=>"RESISTOR, CARBON COMP, 1/4W 4R7", "weblink"=>"http://uk.farnell.com/te-connectivity-neohm/cbt25j4r7/resistor-carbon-comp-1-4w-4r7/dp/1265057", "properties"=>{"Product Range"=>"TE CONNECTIVITY / NEOHM - CBT Series Carbon Composition Resistor", "Resistance"=>"4.7ohm", "Resistance Tolerance"=>"± 5%", "Power Rating"=>"250mW", "Temperature Coefficient"=>"-700ppm/°C to +400ppm/°C", "Resistor Element Type"=>"Carbon Composition", "Voltage Rating"=>"250V", "Resistor Case Style"=>"Axial Leaded", "Resistor Terminals"=>"–", "Resistor Mounting"=>"–", "MSL"=>"–", "SVHC"=>"–"}, "prices"=>[{"quantity"=>5, "pounds"=>0, "pence"=>56}, {"quantity"=>25, "pounds"=>0, "pence"=>51}, {"quantity"=>50, "pounds"=>0, "pence"=>47}, {"quantity"=>100, "pounds"=>0, "pence"=>44}]}, {"manufacturer_part_no"=>"CBT50J4R7", "supplier_part_no"=>"1265102", "brand_name"=>" TE CONNECTIVITY / NEOHM ", "description"=>"RESISTOR, CARBON COMP, 1/2W 4R7", "weblink"=>"http://uk.farnell.com/te-connectivity-neohm/cbt50j4r7/resistor-carbon-comp-1-2w-4r7/dp/1265102", "properties"=>{"Product Range"=>"TE CONNECTIVITY / NEOHM - CBT Series Carbon Composition Resistor", "Resistance"=>"4.7ohm", "Resistance Tolerance"=>"± 5%", "Power Rating"=>"500mW", "Temperature Coefficient"=>"-600ppm/°C to +200ppm/°C", "Resistor Element Type"=>"Carbon Composition", "Voltage Rating"=>"350V", "Resistor Case Style"=>"Axial Leaded", "Resistor Terminals"=>"–", "Resistor Mounting"=>"–", "MSL"=>"–", "SVHC"=>"–"}, "prices"=>[{"quantity"=>5, "pounds"=>0, "pence"=>189}, {"quantity"=>25, "pounds"=>0, "pence"=>14}, {"quantity"=>50, "pounds"=>0, "pence"=>117}, {"quantity"=>100, "pounds"=>0, "pence"=>91}]}, {"manufacturer_part_no"=>"CBT25J6R8", "supplier_part_no"=>"1265058", "brand_name"=>" TE CONNECTIVITY / NEOHM ", "description"=>"RESISTOR, CARBON COMP, 1/4W 6R8", "weblink"=>"http://uk.farnell.com/te-connectivity-neohm/cbt25j6r8/resistor-carbon-comp-1-4w-6r8/dp/1265058", "properties"=>{"Product Range"=>"TE CONNECTIVITY / NEOHM - CBT Series Carbon Composition Resistor", "Resistance"=>"6.8ohm", "Resistance Tolerance"=>"± 5%", "Power Rating"=>"250mW", "Temperature Coefficient"=>"-700ppm/°C to +400ppm/°C", "Resistor Element Type"=>"Carbon Composition", "Voltage Rating"=>"250V", "Resistor Case Style"=>"Axial Leaded", "Resistor Terminals"=>"–", "Resistor Mounting"=>"–", "MSL"=>"–", "SVHC"=>"–"}, "prices"=>[{"quantity"=>5, "pounds"=>0, "pence"=>89}, {"quantity"=>25, "pounds"=>0, "pence"=>81}, {"quantity"=>50, "pounds"=>0, "pence"=>75}, {"quantity"=>100, "pounds"=>0, "pence"=>7}]}, {"manufacturer_part_no"=>"CBT50J6R8", "supplier_part_no"=>"1265103", "brand_name"=>" TE CONNECTIVITY / NEOHM ", "description"=>"RESISTOR, CARBON COMP, 1/2W 6R8", "weblink"=>"http://uk.farnell.com/te-connectivity-neohm/cbt50j6r8/resistor-carbon-comp-1-2w-6r8/dp/1265103", "properties"=>{"Product Range"=>"TE CONNECTIVITY / NEOHM - CBT Series Carbon Composition Resistor", "Resistance"=>"6.8ohm", "Resistance Tolerance"=>"± 5%", "Power Rating"=>"500mW", "Temperature Coefficient"=>"-600ppm/°C to +200ppm/°C", "Resistor Element Type"=>"Carbon Composition", "Voltage Rating"=>"350V ", "Resistor Case Style"=>"Axial Leaded", "Resistor Terminals"=>"–", "Resistor Mounting"=>"–", "MSL"=>"–", "SVHC"=>"–"}, "prices"=>[{"quantity"=>5, "pounds"=>0, "pence"=>9}, {"quantity"=>25, "pounds"=>0, "pence"=>78}, {"quantity"=>50, "pounds"=>0, "pence"=>7}, {"quantity"=>100, "pounds"=>0, "pence"=>63}]}, {"manufacturer_part_no"=>"CBT25J10R", "supplier_part_no"=>"1265059", "brand_name"=>" TE CONNECTIVITY / NEOHM ", "description"=>"RESISTOR, CARBON COMP, 1/4W 10R", "weblink"=>"http://uk.farnell.com/te-connectivity-neohm/cbt25j10r/resistor-carbon-comp-1-4w-10r/dp/1265059", "properties"=>{"Product Range"=>"TE CONNECTIVITY / NEOHM - CBT Series Carbon Composition Resistor", "Resistance"=>"10ohm", "Resistance Tolerance"=>"± 5%", "Power Rating"=>"250mW", "Temperature Coefficient"=>"-700ppm/°C to +400ppm/°C", "Resistor Element Type"=>"Carbon Composition", "Voltage Rating"=>"250V", "Resistor Case Style"=>"Axial Leaded", "Resistor Terminals"=>"–", "Resistor Mounting"=>"–", "MSL"=>"–", "SVHC"=>"–"}, "prices"=>[{"quantity"=>5, "pounds"=>0, "pence"=>98}, {"quantity"=>25, "pounds"=>0, "pence"=>95}, {"quantity"=>50, "pounds"=>0, "pence"=>9}, {"quantity"=>100, "pounds"=>0, "pence"=>83}]}, {"manufacturer_part_no"=>"OD100JE", "supplier_part_no"=>"2145794", "brand_name"=>" OHMITE ", "description"=>"RESISTOR, CARBON, 10OHM, 250MW, 5%", "weblink"=>"http://uk.farnell.com/ohmite/od100je/resistor-carbon-10ohm-250mw-5/dp/2145794", "properties"=>{"Product Range"=>"OHMITE - OD Series Carbon Composition Resistor", "Resistance"=>"10ohm", "Resistance Tolerance"=>"± 5%", "Power Rating"=>"250mW", "Temperature Coefficient"=>"-", "Resistor Element Type"=>"Carbon Composition", "Voltage Rating"=>"250V", "Resistor Case Style"=>"Axial Leaded", "Resistor Terminals"=>"–", "Resistor Mounting"=>"– ", "MSL"=>"–", "SVHC"=>"–"}, "prices"=>[{"quantity"=>1, "pounds"=>0, "pence"=>33}, {"quantity"=>50, "pounds"=>0, "pence"=>31}, {"quantity"=>100, "pounds"=>0, "pence"=>26}, {"quantity"=>500, "pounds"=>0, "pence"=>25}]}, {"manufacturer_part_no"=>"CBT50J10R", "supplier_part_no"=>"1265104", "brand_name"=>" TE CONNECTIVITY / NEOHM ", "description"=>"RESISTOR, CARBON COMP, 1/2W 10R ", "weblink"=>"http://uk.farnell.com/te-connectivity-neohm/cbt50j10r/resistor-carbon-comp-1-2w-10r/dp/1265104", "properties"=>{"Product Range"=>"TE CONNECTIVITY / NEOHM - CBT Series Carbon Composition Resistor", "Resistance"=>"10ohm", "Resistance Tolerance"=>"± 5%", "Power Rating"=>"500mW", "Temperature Coefficient"=>"-600ppm/°C to +200ppm/°C", "Resistor Element Type"=>"Carbon Composition", "Voltage Rating"=>"350V", "Resistor Case Style"=>"Axial Leaded", "Resistor Terminals"=>"–", "Resistor Mounting"=>"–", "MSL"=>"–", "SVHC"=>"–"}, "prices"=>[{"quantity"=>5, "pounds"=>0, "pence"=>34}, {"quantity"=>25, "pounds"=>0, "pence"=>24}, {"quantity"=>50, "pounds"=>0, "pence"=>197}, {"quantity"=>100, "pounds"=>0, "pence"=>158}]}, {"manufacturer_part_no"=>"OF100JE", "supplier_part_no"=>"2145783", "brand_name"=>" OHMITE ", "description"=>"RESISTOR, CARBON, 10OHM, 500MW, 5%", "weblink"=>"http://uk.farnell.com/ohmite/of100je/resistor-carbon-10ohm-500mw-5/dp/2145783", "properties"=>{"Product Range"=>"OHMITE - OF Series Carbon Composition Resistor", "Resistance"=>"10ohm", "Resistance Tolerance"=>"± 5%", "Power Rating"=>"500mW", "Temperature Coefficient"=>"-", "Resistor Element Type"=>"Carbon Composition", "Voltage Rating"=>"350V", "Resistor Case Style"=>"Axial Leaded", "Resistor Terminals"=>"–", "Resistor Mounting"=>"–", "MSL"=>"–", "SVHC"=>"–"}, "prices"=>[{"quantity"=>1, "pounds"=>0, "pence"=>41}, {"quantity"=>50, "pounds"=>0, "pence"=>38}, {"quantity"=>100, "pounds"=>0, "pence"=>33}, {"quantity"=>500, "pounds"=>0, "pence"=>31}]}, {"manufacturer_part_no"=>"CBT25J15R", "supplier_part_no"=>"1265060", "brand_name"=>" TE CONNECTIVITY / NEOHM ", "description"=>"RESISTOR, CARBON COMP, 1/4W 15R", "weblink"=>"http://uk.farnell.com/te-connectivity-neohm/cbt25j15r/resistor-carbon-comp-1-4w-15r/dp/1265060", "properties"=>{"Product Range"=>"TE CONNECTIVITY / NEOHM - CBT Series Carbon Composition Resistor", "Resistance"=>"15ohm", "Resistance Tolerance"=>"± 5%", "Power Rating"=>"250mW", "Temperature Coefficient"=>"-700ppm/°C to +400ppm/°C", "Resistor Element Type"=>"Carbon Composition", "Voltage Rating"=>"250V", "Resistor Case Style"=>"Axial Leaded", "Resistor Terminals"=>"–", "Resistor Mounting"=>"–", "MSL"=>"–", "SVHC"=>"–"}, "prices"=>[{"quantity"=>5, "pounds"=>0, "pence"=>32}, {"quantity"=>25, "pounds"=>0, "pence"=>24}, {"quantity"=>50, "pounds"=>0, "pence"=>186}, {"quantity"=>100, "pounds"=>0, "pence"=>154}]}, {"manufacturer_part_no"=>"CBT50J15R", "supplier_part_no"=>"1265105", "brand_name"=>" TE CONNECTIVITY / NEOHM ", "description"=>"RESISTOR, CARBON COMP, 1/2W 15R", "weblink"=>"http://uk.farnell.com/te-connectivity-neohm/cbt50j15r/resistor-carbon-comp-1-2w-15r/dp/1265105", "properties"=>{"Product Range"=>"TE CONNECTIVITY / NEOHM - CBT Series Carbon Composition Resistor", "Resistance"=>"15ohm", "Resistance Tolerance"=>"± 5%", "Power Rating"=>"500mW", "Temperature Coefficient"=>"-600ppm/°C to +200ppm/°C", "Resistor Element Type"=>"Carbon Composition", "Voltage Rating"=>"350V", "Resistor Case Style"=>"Axial Leaded", "Resistor Terminals"=>"–", "Resistor Mounting"=>"–", "MSL"=>"–", "SVHC"=>"–"}, "prices"=>[{"quantity"=>5, "pounds"=>0, "pence"=>105}, {"quantity"=>25, "pounds"=>0, "pence"=>97}, {"quantity"=>50, "pounds"=>0, "pence"=>89}, {"quantity"=>100, "pounds"=>0, "pence"=>82}]}, {"manufacturer_part_no"=>"CBT50J22R", "supplier_part_no"=>"1265107", "brand_name"=>" TE CONNECTIVITY / NEOHM ", "description"=>"RESISTOR, CARBON COMP, 1/2W 22R", "weblink"=>"http://uk.farnell.com/te-connectivity-neohm/cbt50j22r/resistor-carbon-comp-1-2w-22r/dp/1265107", "properties"=>{"Product Range"=>"TE CONNECTIVITY / NEOHM - CBT Series Carbon Composition Resistor", "Resistance"=>"22ohm", "Resistance Tolerance"=>"± 5%", "Power Rating"=>"500mW", "Temperature Coefficient"=>"-600ppm/°C to +200ppm/°C", "Resistor Element Type"=>"Carbon Composition", "Voltage Rating"=>"350V", "Resistor Case Style"=>"Axial Leaded", "Resistor Terminals"=>"–", "Resistor Mounting"=>"–", "MSL"=>"–", "SVHC"=>"–"}, "prices"=>[{"quantity"=>5, "pounds"=>0, "pence"=>47}, {"quantity"=>25, "pounds"=>0, "pence"=>36}, {"quantity"=>50, "pounds"=>0, "pence"=>29}, {"quantity"=>100, "pounds"=>0, "pence"=>22}]}, {"manufacturer_part_no"=>"CBT25J22R", "supplier_part_no"=>"1265061", "brand_name"=>" TE CONNECTIVITY / NEOHM ", "description"=>"RESISTOR, CARBON COMP, 1/4W 22R", "weblink"=>"http://uk.farnell.com/te-connectivity-neohm/cbt25j22r/resistor-carbon-comp-1-4w-22r/dp/1265061", "properties"=>{"Product Range"=>"TE CONNECTIVITY / NEOHM - CBT Series Carbon Composition Resistor", "Resistance"=>"22ohm", "Resistance Tolerance"=>"± 5%", "Power Rating"=>"250mW", "Temperature Coefficient"=>"-700ppm/°C to +400ppm/°C", "Resistor Element Type"=>"Carbon Composition", "Voltage Rating"=>"250V", "Resistor Case Style"=>"Axial Leaded", "Resistor Terminals"=>"–", "Resistor Mounting"=>"–", "MSL"=>"–", "SVHC"=>"–"}, "prices"=>[{"quantity"=>5, "pounds"=>0, "pence"=>20}, {"quantity"=>25, "pounds"=>0, "pence"=>195}, {"quantity"=>50, "pounds"=>0, "pence"=>19}, {"quantity"=>100, "pounds"=>0, "pence"=>18}]}, {"manufacturer_part_no"=>"CBT50J33R", "supplier_part_no"=>"1265108", "brand_name"=>" TE CONNECTIVITY / NEOHM ", "description"=>"RESISTOR, CARBON COMP, 1/2W 33R", "weblink"=>"http://uk.farnell.com/te-connectivity-neohm/cbt50j33r/resistor-carbon-comp-1-2w-33r/dp/1265108", "properties"=>{"Product Range"=>"TE CONNECTIVITY / NEOHM - CBT Series Carbon Composition Resistor", "Resistance"=>"33ohm", "Resistance Tolerance"=>"± 5%", "Power Rating"=>"500mW", "Temperature Coefficient"=>"-600ppm/°C to +200ppm/°C", "Resistor Element Type"=>"Carbon Composition", "Voltage Rating"=>"350V", "Resistor Case Style"=>"Axial Leaded", "Resistor Terminals"=>"–", "Resistor Mounting"=>"–", "MSL"=>"–", "SVHC"=>"–"}, "prices"=>[{"quantity"=>5, "pounds"=>0, "pence"=>31}, {"quantity"=>25, "pounds"=>0, "pence"=>22}, {"quantity"=>50, "pounds"=>0, "pence"=>19}, {"quantity"=>100, "pounds"=>0, "pence"=>15}]}, {"manufacturer_part_no"=>"CBT25J33R", "supplier_part_no"=>"1265062 ", "brand_name"=>" TE CONNECTIVITY / NEOHM ", "description"=>"RESISTOR, CARBON COMP, 1/4W 33R", "weblink"=>"http://uk.farnell.com/te-connectivity-neohm/cbt25j33r/resistor-carbon-comp-1-4w-33r/dp/1265062", "properties"=>{"Product Range"=>"TE CONNECTIVITY / NEOHM - CBT Series Carbon Composition Resistor", "Resistance"=>"33ohm", "Resistance Tolerance"=>"± 5%", "Power Rating"=>"250mW", "Temperature Coefficient"=>"-700ppm/°C to +400ppm/°C", "Resistor Element Type"=>"Carbon Composition", "Voltage Rating"=>"250V", "Resistor Case Style"=>"Axial Leaded", "Resistor Terminals"=>"–", "Resistor Mounting"=>"–", "MSL"=>"–", "SVHC"=>"–"}, "prices"=>[{"quantity"=>5, "pounds"=>0, "pence"=>31}, {"quantity"=>25, "pounds"=>0, "pence"=>24}, {"quantity"=>50, "pounds"=>0, "pence"=>185}, {"quantity"=>100, "pounds"=>0, "pence"=>153}]}, {"manufacturer_part_no"=>"CBT50J47R", "supplier_part_no"=>"1265109", "brand_name"=>" TE CONNECTIVITY / NEOHM ", "description"=>"RESISTOR, CARBON COMP, 1/2W 47R", "weblink"=>"http://uk.farnell.com/te-connectivity-neohm/cbt50j47r/resistor-carbon-comp-1-2w-47r/dp/1265109", "properties"=>{"Product Range"=>"TE CONNECTIVITY / NEOHM - CBT Series Carbon Composition Resistor", "Resistance"=>"47ohm", "Resistance Tolerance"=>"± 5%", "Power Rating"=>"500mW", "Temperature Coefficient"=>"-600ppm/°C to +200ppm/°C", "Resistor Element Type"=>"Carbon Composition", "Voltage Rating"=>"350V", "Resistor Case Style"=>"Axial Leaded", "Resistor Terminals"=>"–", "Resistor Mounting"=>"–", "MSL"=>"–", "SVHC"=>"–"}, "prices"=>[{"quantity"=>5, "pounds"=>0, "pence"=>47}, {"quantity"=>25, "pounds"=>0, "pence"=>36}, {"quantity"=>50, "pounds"=>0, "pence"=>29}, {"quantity"=>100, "pounds"=>0, "pence"=>22}]}, {"manufacturer_part_no"=>"CBT25J47R", "supplier_part_no"=>"1265063", "brand_name"=>" TE CONNECTIVITY / NEOHM ", "description"=>"RESISTOR, CARBON COMP, 1/4W 47R", "weblink"=>"http://uk.farnell.com/te-connectivity-neohm/cbt25j47r/resistor-carbon-comp-1-4w-47r/dp/1265063", "properties"=>{"Product Range"=>"TE CONNECTIVITY / NEOHM - CBT Series Carbon Composition Resistor", "Resistance"=>"47ohm", "Resistance Tolerance"=>"± 5%", "Power Rating"=>"250mW", "Temperature Coefficient"=>"-700ppm/°C to +400ppm/°C", "Resistor Element Type"=>"Carbon Composition", "Voltage Rating"=>"250V", "Resistor Case Style"=>"Axial Leaded", "Resistor Terminals"=>"–", "Resistor Mounting"=>"–", "MSL"=>"–", "SVHC"=>"–"}, "prices"=>[{"quantity"=>5, "pounds"=>0, "pence"=>21}, {"quantity"=>25, "pounds"=>0, "pence"=>20}, {"quantity"=>50, "pounds"=>0, "pence"=>199}, {"quantity"=>100, "pounds"=>0, "pence"=>188}]}, {"manufacturer_part_no"=>"CBT50J68R", "supplier_part_no"=>"1265110", "brand_name"=>" TE CONNECTIVITY / NEOHM ", "description"=>"RESISTOR, CARBON COMP, 1/2W 68R", "weblink"=>"http://uk.farnell.com/te-connectivity-neohm/cbt50j68r/resistor-carbon-comp-1-2w-68r/dp/1265110", "properties"=>{"Product Range"=>"TE CONNECTIVITY / NEOHM - CBT Series Carbon Composition Resistor", "Resistance"=>"68ohm", "Resistance Tolerance"=>"± 5%", "Power Rating"=>"500mW", "Temperature Coefficient"=>"-600ppm/°C to +200ppm/°C", "Resistor Element Type"=>"Carbon Composition", "Voltage Rating"=>"350V", "Resistor Case Style"=>"Axial Leaded", "Resistor Terminals"=>"–", "Resistor Mounting"=>"–", "MSL"=>"–", "SVHC"=>"–"}, "prices"=>[{"quantity"=>5, "pounds"=>0, "pence"=>47}, {"quantity"=>25, "pounds"=>0, "pence"=>36}, {"quantity"=>50, "pounds"=>0, "pence"=>29}, {"quantity"=>100, "pounds"=>0, "pence"=>22}]}]}
